// Jest Snapshot v1, https://goo.gl/fbAQLP

exports[`Prueba SearchScreen Debe mostrarse correctamente 1`] = `
<div>
  <h1>
    Search
  </h1>
  <hr />
  <div
    className="row"
  >
    <div
      className="col-5"
    >
      <h4>
        Search form
      </h4>
      <hr />
      <form
        onSubmit={[Function]}
      >
        <input
          autoComplete="off"
          className="form-control"
          name="search"
          onChange={[Function]}
          placeholder="Search"
          type="text"
          value=""
        />
        <button
          className="btn btn-primary mt-3"
          type="submit"
        >
          Search
        </button>
      </form>
    </div>
    <div
      className="col-7"
    >
      <h4>
        Resultado
      </h4>
      <hr />
      <div
        className="alert alert-info"
      >
        Por favor busque un heroe
      </div>
    </div>
  </div>
</div>
`;
